Traceback (most recent call last):
  File "<frozen runpy>", line 198, in _run_module_as_main
  File "<frozen runpy>", line 88, in _run_code
  File "/home/runner/work/beomstar_git/beomstar_git/trading/swing_engine/backtest.py", line 379, in <module>
    sys.exit(main())
             ^^^^^^
  File "/home/runner/work/beomstar_git/beomstar_git/trading/swing_engine/backtest.py", line 365, in main
    res = run(args)
          ^^^^^^^^^
  File "/home/runner/work/beomstar_git/beomstar_git/trading/swing_engine/backtest.py", line 267, in run
    frames, bench, cov = load_inputs(args, market, params["benchmark"])
                         ^^^^^^^^^^^^^^^^^^^^^^^^^^^^^^^^^^^^^^^^^^^^^^
  File "/home/runner/work/beomstar_git/beomstar_git/trading/swing_engine/backtest.py", line 239, in load_inputs
    else D.fetch_universe(market, cache_dir=cache))
         ^^^^^^^^^^^^^^^^^^^^^^^^^^^^^^^^^^^^^^^^^
  File "/home/runner/work/beomstar_git/beomstar_git/trading/swing_engine/data.py", line 648, in fetch_universe
    tickers = fetch_ndx100()
              ^^^^^^^^^^^^^^
  File "/home/runner/work/beomstar_git/beomstar_git/trading/swing_engine/data.py", line 547, in fetch_ndx100
    return list(dict.fromkeys(_pick_symbol_column(_wiki_tables(WIKI_NDX100), 90, 110)))
                              ^^^^^^^^^^^^^^^^^^^^^^^^^^^^^^^^^^^^^^^^^^^^^^^^^^^^^^^
  File "/home/runner/work/beomstar_git/beomstar_git/trading/swing_engine/data.py", line 539, in _pick_symbol_column
    raise ValueError(f"no constituent table with a Symbol/Ticker column found; tables (rows, columns): {seen}")
ValueError: no constituent table with a Symbol/Ticker column found; tables (rows, columns): [(11, ['0', '1']), (2, ['category', 'all-time highs[8]', 'all-time highs[8].1']), (41, ['year', 'closing level', 'change in index in points', 'change in index in\xa0%']), (30, ['milestone (closing)[8]', 'date of record (closing)[8]', 'trading days[8]']), (3, ['milestone (closing)[8]', 'date of record (closing)[8]', 'trading days[8]']), (1, ['vtelist of nasdaq-100 companies', 'vtelist of nasdaq-100 companies.1']), (4, ['vtenasdaq, inc.', 'vtenasdaq, inc..1', 'vtenasdaq, inc..2']), (34, ['vtestock market indices', 'vtestock market indices.1']), (2, ['0', '1']), (4, ['0', '1']), (5, ['0', '1']), (5, ['0', '1']), (2, ['0', '1']), (3, ['0', '1']), (5, ['0', '1']), (2, ['0', '1']), (1, ['vtemajor united states stock market indices', 'vtemajor united states stock market indices.1']), (8, ['vtemajor stock market indices of the americas', 'vtemajor stock market indices of the americas.1'])]
